> library(qtl)
> qtl4m.int.25<-read.cross(format="csv",file="/data/GBS_Xu/QTL_mapping/Mapping_int_map5/4c.9_4e_m_miss25_int_map5_qtl.csv")
 --Read the following data:
	 450  individuals
	 75  markers
	 5  phenotypes
 --Cross type: f2 
> 
> qtl4m.int.gp<-calc.genoprob(qtl4m.int.25,step=0.2,error.prob=0.001)
> qtl4m.int.sim<-sim.geno(qtl4m.int.gp,step=0.2,n.draw=10000,map.function=c("kosambi"),err=0.001)
> save.image("/data/GBS_Xu/QTL_mapping/Mapping_int_map5/4c.9_4e_m_miss25_int_map5.rda")

==========================================
> qtl4m.int.25$pheno$fam<-as.factor(qtl4m.int.25$pheno$fam)
> t.test(qtl4m.int.25$pheno$pheno~qtl4m.int.25$pheno$fam)

=========================================
> qtl4m.int.imp.cov<-scanone(qtl4m.int.sim,method="imp",addcovar=qtl4m.int.25$pheno$fam)
> summary(qtl4m.int.imp.cov)

===========================================================
> qtl4m.int.two<-scantwo(qtl4m.int.gp)
> summary(qtl4m.int.two)

==========================================================
> qtl4m.int.25$pheno$fam<-as.numeric(qtl4m.int.25$pheno$fam)
> fam<-pull.pheno(qtl4m.int.25,"fam")
> fam<-data.frame(fam)
> qtl4m.int.make1<-makeqtl(qtl4m.int.sim,chr=5,pos=26.3)
> qtl4m.int.fit.make1.cov<-fitqtl(qtl4m.int.sim,qtl=qtl4m.int.make1,covar=fam,formula=y~Q1+fam)
> summary(qtl4m.int.fit.make1.cov)
> qtl4m.int.refine1.cov<-refineqtl(qtl4m.int.sim,qtl=qtl4m.int.make1,covar=fam,method="imp",formula=y~Q1+fam,verbose=FALSE)
> summary(qtl4m.int.refine1.cov)
> qtl4m.int.fit.refine1.cov<-fitqtl(qtl4m.int.sim,qtl=qtl4m.int.refine1.cov,covar=fam,formula=y~Q1+fam)
> summary(qtl4m.int.fit.refine1.cov)

> qtl4m.int.add1<-addqtl(qtl4m.int.sim,qtl=qtl4m.int.refine1.cov,covar=fam,formula=y~Q1+Q2+fam)
> summary(qtl4m.int.add1)
> qtl4m.int.make2<-makeqtl(qtl4m.int.sim,chr=c(5,5),pos=c(5.6,26.4))
> qtl4m.int.fit.make2.cov<-fitqtl(qtl4m.int.sim,qtl=qtl4m.int.make2,covar=fam,formula=y~Q1+Q2+fam)
> summary(qtl4m.int.fit.make2.cov)
> qtl4m.int.refine2.cov<-refineqtl(qtl4m.int.sim,qtl=qtl4m.int.make2,covar=fam,method="imp",formula=y~Q1+Q2+fam,verbose=FALSE)
> summary(qtl4m.int.refine2.cov)
> addint(qtl4m.int.sim,qtl=qtl4m.int.refine2.cov,covar=fam,method="imp",formula=y~Q1+Q2+fam,verbose=FALSE)
> qtl4m.int.fit.refine2.cov<-fitqtl(qtl4m.int.sim,qtl=qtl4m.int.refine2.cov,covar=fam,method="imp",formula=y~Q1+Q2+fam)
> summary(qtl4m.int.fit.refine2.cov)

> qtl4m.int.add2<-addqtl(qtl4m.int.sim,qtl=qtl4m.int.refine2.cov,covar=fam,formula=y~Q1+Q2+Q3+fam)
> summary(qtl4m.int.add2)
> qtl4m.int.make3<-makeqtl(qtl4m.int.sim,chr=c(5,5,5),pos=c(5.6,26.4,59.8))
> qtl4m.int.fit.make3.cov<-fitqtl(qtl4m.int.sim,qtl=qtl4m.int.make3,covar=fam,formula=y~Q1+Q2+Q3+fam)
> summary(qtl4m.int.fit.make3.cov)
> qtl4m.int.refine3.cov<-refineqtl(qtl4m.int.sim,qtl=qtl4m.int.make3,covar=fam,method="imp",formula=y~Q1+Q2+Q3+fam,verbose=FALSE)
> summary(qtl4m.int.refine3.cov)
> addint(qtl4m.int.sim,qtl=qtl4m.int.refine3.cov,covar=fam,method="imp",formula=y~Q1+Q2+Q3+fam,verbose=FALSE)
> qtl4m.int.fit.refine3.cov<-fitqtl(qtl4m.int.sim,qtl=qtl4m.int.refine3.cov,covar=fam,method="imp",formula=y~Q1+Q2+Q3+fam)
> summary(qtl4m.int.fit.refine3.cov)

> qtl4m.int.add3<-addqtl(qtl4m.int.sim,qtl=qtl4m.int.refine3.cov,covar=fam,formula=y~Q1+Q2+Q3+Q4+fam)
> summary(qtl4m.int.add3)
> 
> qtl4m.int.fit.refine3.cov$lod-qtl4m.int.fit.refine2.cov$lod
[1] 4.549288

=====================================
> lodint(qtl4m.int.one.cov)
> lodint(qtl4m.int.refine3.cov,qtl.index=1)
> lodint(qtl4m.int.refine3.cov,qtl.index=2)
> lodint(qtl4m.int.refine3.cov,qtl.index=3)
> 
=============================================
> find.marker(qtl4m.int.25,chr=5,pos=5.6)
> find.marker(qtl4m.int.25,chr=5,pos=26.4)
> find.marker(qtl4m.int.25,chr=5,pos=59.8)
> 
> qtl4m.int.eff.q1<-effectplot(qtl4m.int.sim,mname1="S006807_12726",draw=FALSE)
> qtl4m.int.eff.q1

> qtl4m.int.eff.q2<-effectplot(qtl4m.int.sim,mname1="S000353_224758",draw=FALSE)
> qtl4m.int.eff.q2

> qtl4m.int.eff.q3<-effectplot(qtl4m.int.sim,mname1="S001871_153614",draw=FALSE)
> qtl4m.int.eff.q3

> qtl4m.int.refine3.eff<-fitqtl(qtl4m.int.sim,qtl=qtl4m.int.refine3.cov,covar=fam,formula=y~Q1+Q2+Q3+fam,dropone=FALSE,get.est=TRUE)
> summary(qtl4m.int.refine3.eff)

===========================================
> qtl4m.perm2<-scantwo(qtl4m.int.sim,method="hk",n.perm=1000)
Doing permutation in batch mode ...
> summary(qtl4m.perm2)
> 
> qtl4m.pen<-calc.penalties(qtl4m.perm2)
> print(qtl4m.pen)